// Jest Snapshot v1, https://goo.gl/fbAQLP

exports[`Login renders the login form 1`] = `
<div>
  <div
    class="container"
  >
    <div
      class="card"
    >
      <h1
        class="title"
      >
        IDLR
      </h1>
      <p
        class="subtitle"
      >
        Sign in to your account
      </p>
      <form
        class="form"
      >
        <div
          class="field"
        >
          <label
            class="label"
            for="email"
          >
            Email
          </label>
          <input
            autocomplete="email"
            class="input"
            id="email"
            required=""
            type="email"
            value=""
          />
        </div>
        <div
          class="field"
        >
          <label
            class="label"
            for="password"
          >
            Password
          </label>
          <input
            autocomplete="current-password"
            class="input"
            id="password"
            required=""
            type="password"
            value=""
          />
        </div>
        <button
          class="button"
          type="submit"
        >
          Sign in
        </button>
      </form>
    </div>
  </div>
</div>
`;
