// Jest Snapshot v1, https://goo.gl/fbAQLP

exports[`Admin renders member list after fetch 1`] = `
<div>
  <div>
    <div>
      <div>
        <h1>
          Members
        </h1>
        <p>
          Manage team members
        </p>
      </div>
      <button>
        Add Member
      </button>
    </div>
    <table>
      <thead>
        <tr>
          <th>
            Name
          </th>
          <th>
            Email
          </th>
          <th>
            Role
          </th>
          <th>
            Max HR
          </th>
          <th />
        </tr>
      </thead>
      <tbody>
        <tr>
          <td>
            Alice
          </td>
          <td>
            alice@example.com
          </td>
          <td>
            <span
              class="undefined undefined"
            >
              admin
            </span>
          </td>
          <td>
            185
          </td>
          <td />
        </tr>
        <tr>
          <td>
            Bob
          </td>
          <td>
            bob@example.com
          </td>
          <td>
            <span
              class="undefined undefined"
            >
              member
            </span>
          </td>
          <td>
            180
          </td>
          <td>
            <div>
              <button>
                Delete
              </button>
            </div>
          </td>
        </tr>
      </tbody>
    </table>
  </div>
</div>
`;
